[34F[48;5;0m -------------------------------------------------------------------------------------------------------------------------------- 
|                                                                                                                                |
|                                                                                                                                |
|                                                                                                                                |
|                                                                                                                                |
|                                                                                                                                |
|                                                                                                                                |
|                                                                                                                                |
|                                                                                                                                |
|                                                                                                                                |
|                                                                                                                                |
|                                                                                                                                |
|                                          [48;5;7m        [48;5;0m          [48;5;7m        [48;5;0m      [48;5;7m  [48;5;0m        [48;5;7m  [48;5;0m                                          |
|                                          [48;5;7m  [48;5;0m      [48;5;7m  [48;5;0m      [48;5;7m  [48;5;0m        [48;5;7m  [48;5;0m    [48;5;7m    [48;5;0m      [48;5;7m  [48;5;0m                                          |
|                                          [48;5;7m  [48;5;0m      [48;5;7m  [48;5;0m      [48;5;7m  [48;5;0m        [48;5;7m  [48;5;0m    [48;5;7m  [48;5;0m  [48;5;7m  [48;5;0m    [48;5;7m  [48;5;0m                                          |
|                                          [48;5;7m        [48;5;0m        [48;5;7m  [48;5;0m        [48;5;7m  [48;5;0m    [48;5;7m  [48;5;0m    [48;5;7m  [48;5;0m  [48;5;7m  [48;5;0m                                          |
|                                          [48;5;7m  [48;5;0m      [48;5;7m  [48;5;0m      [48;5;7m  [48;5;0m        [48;5;7m  [48;5;0m    [48;5;7m  [48;5;0m      [48;5;7m    [48;5;0m                                          |
|                                          [48;5;7m  [48;5;0m      [48;5;7m  [48;5;0m      [48;5;7m  [48;5;0m        [48;5;7m  [48;5;0m    [48;5;7m  [48;5;0m        [48;5;7m  [48;5;0m                                          |
|                                          [48;5;7m  [48;5;0m      [48;5;7m  [48;5;0m      [48;5;7m  [48;5;0m        [48;5;7m  [48;5;0m    [48;5;7m  [48;5;0m        [48;5;7m  [48;5;0m                                          |
|                                          [48;5;7m        [48;5;0m          [48;5;7m        [48;5;0m      [48;5;7m  [48;5;0m        [48;5;7m  [48;5;0m                                          |
|                                                                                                                                |
|                                                                                                                                |
|                                                                                                                                |
|                                                                                                                                |
|                                                                                                                                |
|    [48;5;7m    [48;5;0m                          [48;5;7m    [48;5;0m                          [48;5;7m  [48;5;0m        [48;5;7m      [48;5;0m                  [48;5;7m  [48;5;0m                            |
|    [48;5;7m  [48;5;0m  [48;5;7m  [48;5;0m                        [48;5;7m  [48;5;0m  [48;5;7m  [48;5;0m                        [48;5;7m  [48;5;0m        [48;5;7m  [48;5;0m                      [48;5;7m  [48;5;0m                            |
|    [48;5;7m  [48;5;0m  [48;5;7m  [48;5;0m    [48;5;7m  [48;5;0m  [48;5;7m  [48;5;0m              [48;5;7m  [48;5;0m  [48;5;7m  [48;5;0m      [48;5;7m    [48;5;0m      [48;5;7m    [48;5;0m    [48;5;7m    [48;5;0m      [48;5;7m  [48;5;0m          [48;5;7m  [48;5;0m          [48;5;7m  [48;5;0m      [48;5;7m    [48;5;0m                  |
|    [48;5;7m    [48;5;0m      [48;5;7m  [48;5;0m  [48;5;7m  [48;5;0m              [48;5;7m    [48;5;0m      [48;5;7m  [48;5;0m  [48;5;7m  [48;5;0m    [48;5;7m  [48;5;0m        [48;5;7m  [48;5;0m        [48;5;7m  [48;5;0m        [48;5;7m  [48;5;0m  [48;5;7m  [48;5;0m      [48;5;7m    [48;5;0m    [48;5;7m  [48;5;0m  [48;5;7m  [48;5;0m      [48;5;7m    [48;5;0m        |
|    [48;5;7m  [48;5;0m  [48;5;7m  [48;5;0m    [48;5;7m      [48;5;0m              [48;5;7m  [48;5;0m  [48;5;7m  [48;5;0m    [48;5;7m    [48;5;0m        [48;5;7m  [48;5;0m      [48;5;7m  [48;5;0m        [48;5;7m  [48;5;0m        [48;5;7m  [48;5;0m  [48;5;7m  [48;5;0m    [48;5;7m  [48;5;0m  [48;5;7m  [48;5;0m    [48;5;7m    [48;5;0m        [48;5;7m  [48;5;0m          |
|    [48;5;7m  [48;5;0m  [48;5;7m  [48;5;0m        [48;5;7m  [48;5;0m              [48;5;7m  [48;5;0m  [48;5;7m  [48;5;0m    [48;5;7m  [48;5;0m            [48;5;7m  [48;5;0m    [48;5;7m  [48;5;0m        [48;5;7m  [48;5;0m        [48;5;7m  [48;5;0m  [48;5;7m  [48;5;0m    [48;5;7m  [48;5;0m  [48;5;7m  [48;5;0m    [48;5;7m  [48;5;0m          [48;5;7m  [48;5;0m          |
|    [48;5;7m    [48;5;0m          [48;5;7m  [48;5;0m              [48;5;7m    [48;5;0m        [48;5;7m    [48;5;0m    [48;5;7m    [48;5;0m        [48;5;7m    [48;5;0m    [48;5;7m      [48;5;0m      [48;5;7m  [48;5;0m        [48;5;7m    [48;5;0m      [48;5;7m    [48;5;0m      [48;5;7m  [48;5;0m  [48;5;7m  [48;5;0m      |
|              [48;5;7m      [48;5;0m                                                                                                            |
 -------------------------------------------------------------------------------------------------------------------------------- 
